Testing PMC Search...
Testing specific ID: PMC4148386
Fetching PMC full text for PMC4148386 at https://www.ncbi.nlm.nih.gov/research/bionlp/RESTful/pmcoa.cgi/BioC_json/PMC4148386/unicode
Specific ID text length: undefined
------------------------------------------------
Searching for 'crispr AND open access[filter]'...
Fetching PMC full text for PMC12905557 at https://www.ncbi.nlm.nih.gov/research/bionlp/RESTful/pmcoa.cgi/BioC_json/PMC12905557/unicode
Fetching PMC full text for PMC12904871 at https://www.ncbi.nlm.nih.gov/research/bionlp/RESTful/pmcoa.cgi/BioC_json/PMC12904871/unicode
Found 2 papers.
First paper: {
  [0mtitle[2m:[0m [0m[32m[0m[32m"Immunostaining of P450c17, Aromatase and Oestrogen Receptor Alpha in Germ and Somatic Cells During Gonadal Development in Greater Rhea."[0m[0m[0m[2m,[0m
  [0msource[2m:[0m [0m[32m[0m[32m"PubMed"[0m[0m[0m[2m,[0m
  [0murl[2m:[0m [0m[32m[0m[32m"https://www.ncbi.nlm.nih.gov/pmc/articles/PMC12905557/"[0m[0m[0m[2m,[0m
  [0mhasFullText[2m:[0m [0m[33mfalse[0m[0m[2m,[0m
  [0mfullTextLength[2m:[0m [0m[2mundefined[0m[0m[2m,[0m
}
